
******* Client Result ******

      SOAP action: http://cisco.com/Unittest/SimpleUnittestMethod
        HTTP host: http://localhost:8080
Network Object ID: (null)
    HTTP username: (null)
    HTTP password: (null)
          timeout: 0
       HNAP input: InvalidInput-MissingElement.input.xml

HNAP call failed with error RequestInvalid (1)
malloc_interposer.c - ************************************************************
malloc_interposer.c - exit: malloc called 63 times
malloc_interposer.c - exit: free called 63 times
malloc_interposer.c - exit: malloc current = 0
malloc_interposer.c - exit: malloc total = 11888
malloc_interposer.c - exit: malloc max = 11104
malloc_interposer.c - ************************************************************
