HDK_SRV_ADIDeserialize
HDK_SRV_ADIGet
HDK_SRV_ADIGetBool
HDK_SRV_ADIGetValue
HDK_SRV_ADIGetValue_ByString
HDK_SRV_ADISerialize
HDK_SRV_ADISerializeCopy
HDK_SRV_ADISerializeFree
HDK_SRV_ADISet
HDK_SRV_ADISetValue_ByString
HDK_SRV_CallMethod
HDK_SRV_CallMethodEx
HDK_SRV_CloseModule
HDK_SRV_HandleRequest
HDK_SRV_OpenModule
HDK_SRV_RegisterLoggingCallback
HDK_SRV_Simulator_ADIGet
HDK_SRV_Simulator_ADISet
HDK_SRV_Simulator_Free
HDK_SRV_Simulator_Init
HDK_SRV_Simulator_Read
HDK_SRV_Simulator_Write
