_HDK_SRV_ADIDeserialize
_HDK_SRV_ADIGet
_HDK_SRV_ADIGetBool
_HDK_SRV_ADIGetValue
_HDK_SRV_ADIGetValue_ByString
_HDK_SRV_ADISerialize
_HDK_SRV_ADISerializeCopy
_HDK_SRV_ADISerializeFree
_HDK_SRV_ADISet
_HDK_SRV_ADISetValue_ByString
_HDK_SRV_CallMethod
_HDK_SRV_CallMethodEx
_HDK_SRV_CloseModule
_HDK_SRV_HandleRequest
_HDK_SRV_OpenModule
_HDK_SRV_RegisterLoggingCallback
_HDK_SRV_Simulator_ADIGet
_HDK_SRV_Simulator_ADISet
_HDK_SRV_Simulator_Free
_HDK_SRV_Simulator_Init
_HDK_SRV_Simulator_Read
_HDK_SRV_Simulator_Write
