_HDK_XML_AppendEx_Struct
_HDK_XML_Append_Blank
_HDK_XML_Append_Blob
_HDK_XML_Append_Bool
_HDK_XML_Append_DateTime
_HDK_XML_Append_Enum
_HDK_XML_Append_IPAddress
_HDK_XML_Append_Int
_HDK_XML_Append_Long
_HDK_XML_Append_MACAddress
_HDK_XML_Append_Member
_HDK_XML_Append_String
_HDK_XML_Append_Struct
_HDK_XML_Append_UUID
_HDK_XML_GetEx_Bool
_HDK_XML_GetEx_DateTime
_HDK_XML_GetEx_Enum
_HDK_XML_GetEx_IPAddress
_HDK_XML_GetEx_Int
_HDK_XML_GetEx_Long
_HDK_XML_GetEx_MACAddress
_HDK_XML_GetEx_String
_HDK_XML_GetEx_UUID
_HDK_XML_GetMember_Blob
_HDK_XML_GetMember_Bool
_HDK_XML_GetMember_DateTime
_HDK_XML_GetMember_Enum
_HDK_XML_GetMember_IPAddress
_HDK_XML_GetMember_Int
_HDK_XML_GetMember_Long
_HDK_XML_GetMember_MACAddress
_HDK_XML_GetMember_String
_HDK_XML_GetMember_Struct
_HDK_XML_GetMember_UUID
_HDK_XML_Get_Blob
_HDK_XML_Get_Bool
_HDK_XML_Get_DateTime
_HDK_XML_Get_Enum
_HDK_XML_Get_IPAddress
_HDK_XML_Get_Int
_HDK_XML_Get_Long
_HDK_XML_Get_MACAddress
_HDK_XML_Get_Member
_HDK_XML_Get_String
_HDK_XML_Get_Struct
_HDK_XML_Get_UUID
_HDK_XML_InputStream_Buffer
_HDK_XML_InputStream_File
_HDK_XML_IsEqual_IPAddress
_HDK_XML_IsEqual_MACAddress
_HDK_XML_IsEqual_UUID
_HDK_XML_OutputStream_Buffer
_HDK_XML_OutputStream_DecodeBase64
_HDK_XML_OutputStream_DecodeBase64Done
_HDK_XML_OutputStream_DecodeCSV
_HDK_XML_OutputStream_EncodeBase64
_HDK_XML_OutputStream_EncodeBase64Done
_HDK_XML_OutputStream_EncodeCSV
_HDK_XML_OutputStream_EncodeXML
_HDK_XML_OutputStream_File
_HDK_XML_OutputStream_GrowBuffer
_HDK_XML_OutputStream_Null
_HDK_XML_Parse
_HDK_XML_ParseEx
_HDK_XML_Parse_Blob
_HDK_XML_Parse_Bool
_HDK_XML_Parse_Data
_HDK_XML_Parse_DateTime
_HDK_XML_Parse_Free
_HDK_XML_Parse_GetError
_HDK_XML_Parse_IPAddress
_HDK_XML_Parse_Int
_HDK_XML_Parse_Long
_HDK_XML_Parse_MACAddress
_HDK_XML_Parse_New
_HDK_XML_Parse_NewEx
_HDK_XML_Parse_UUID
_HDK_XML_RegisterLoggingCallback
_HDK_XML_Serialize
_HDK_XML_SerializeEx
_HDK_XML_Serialize_Blob
_HDK_XML_Serialize_Bool
_HDK_XML_Serialize_DateTime
_HDK_XML_Serialize_IPAddress
_HDK_XML_Serialize_Int
_HDK_XML_Serialize_Long
_HDK_XML_Serialize_MACAddress
_HDK_XML_Serialize_String
_HDK_XML_Serialize_UUID
_HDK_XML_SetEx_Member
_HDK_XML_SetEx_Struct
_HDK_XML_Set_Blank
_HDK_XML_Set_Blob
_HDK_XML_Set_Bool
_HDK_XML_Set_DateTime
_HDK_XML_Set_Enum
_HDK_XML_Set_IPAddress
_HDK_XML_Set_Int
_HDK_XML_Set_Long
_HDK_XML_Set_MACAddress
_HDK_XML_Set_Member
_HDK_XML_Set_String
_HDK_XML_Set_Struct
_HDK_XML_Set_UUID
_HDK_XML_Struct_Free
_HDK_XML_Struct_Init
_HDK_XML_Validate
_HDK_XML_ValidateEx
_HDK_XML_gmtime
_HDK_XML_localtime
_HDK_XML_mktime
