sizeof(HDK_XML_Long) == 8 octets
malloc_interposer.c - ************************************************************
malloc_interposer.c - exit: malloc called 1 times
malloc_interposer.c - exit: free called 1 times
malloc_interposer.c - exit: malloc current = 0
malloc_interposer.c - exit: malloc total = 352
malloc_interposer.c - exit: malloc max = 352
malloc_interposer.c - ************************************************************
